#
# There is insufficient memory for the Java Runtime Environment to continue.
# Native memory allocation (malloc) failed to allocate 826176 bytes. Error detail: Chunk::new
# Possible reasons:
#   The system is out of physical RAM or swap space
#   This process is running with CompressedOops enabled, and the Java Heap may be blocking the growth of the native heap
# Possible solutions:
#   Reduce memory load on the system
#   Increase physical memory or swap space
#   Check if swap backing store is full
#   Decrease Java heap size (-Xmx/-Xms)
#   Decrease number of Java threads
#   Decrease Java thread stack sizes (-Xss)
#   Set larger code cache with -XX:ReservedCodeCacheSize=
#   JVM is running with Unscaled Compressed Oops mode in which the Java heap is
#     placed in the first 4GB address space. The Java Heap base address is the
#     maximum limit for the native heap growth. Please use -XX:HeapBaseMinAddress
#     to set the Java Heap base and to place the Java Heap above 4GB virtual address.
# This output file may be truncated or incomplete.
#
#  Out of Memory Error (arena.cpp:168), pid=21416, tid=9684
#
# JRE version: OpenJDK Runtime Environment Temurin-21.0.8+9 (21.0.8+9) (build 21.0.8+9-LTS)
# Java VM: OpenJDK 64-Bit Server VM Temurin-21.0.8+9 (21.0.8+9-LTS, mixed mode, sharing, tiered, compressed oops, compressed class ptrs, parallel gc, windows-amd64)
# No core dump will be written. Minidumps are not enabled by default on client versions of Windows
#

---------------  S U M M A R Y ------------

Command Line: --add-modules=ALL-SYSTEM --add-opens=java.base/java.util=ALL-UNNAMED --add-opens=java.base/java.lang=ALL-UNNAMED --add-opens=java.base/sun.nio.fs=ALL-UNNAMED -Declipse.application=org.eclipse.jdt.ls.core.id1 -Dosgi.bundles.defaultStartLevel=4 -Declipse.product=org.eclipse.jdt.ls.core.product -Djava.import.generatesMetadataFilesAtProjectRoot=false -DDetectVMInstallationsJob.disabled=true -Dfile.encoding=utf8 -XX:+UseParallelGC -XX:GCTimeRatio=4 -XX:AdaptiveSizePolicyWeight=90 -Dsun.zip.disableMemoryMapping=true -Xmx2G -Xms100m -Xlog:disable -javaagent:c:\Users\HP\.vscode\extensions\redhat.java-1.47.0-win32-x64\lombok\lombok-1.18.39-4050.jar -XX:+HeapDumpOnOutOfMemoryError -XX:HeapDumpPath=c:\Users\HP\AppData\Roaming\Code\User\workspaceStorage\d7050141bcb974c86fb2dc1cd7c40d0a\redhat.java -Daether.dependencyCollector.impl=bf c:\Users\HP\.vscode\extensions\redhat.java-1.47.0-win32-x64\server\plugins\org.eclipse.equinox.launcher_1.7.100.v20251014-1222.jar -configuration c:\Users\HP\AppData\Roaming\Code\User\globalStorage\redhat.java\1.47.0\config_win -data c:\Users\HP\AppData\Roaming\Code\User\workspaceStorage\d7050141bcb974c86fb2dc1cd7c40d0a\redhat.java\jdt_ws --pipe=\\.\pipe\lsp-458866ed2b31f00c585328275dd74867-sock

Host: Intel(R) Core(TM) i7-5600U CPU @ 2.60GHz, 4 cores, 7G,  Windows 11 , 64 bit Build 22621 (10.0.22621.5415)
Time: Thu Nov 13 17:34:40 2025 Morocco Daylight Time elapsed time: 85.869111 seconds (0d 0h 1m 25s)

---------------  T H R E A D  ---------------

Current thread (0x000002837dcf9590):  JavaThread "C2 CompilerThread1" daemon [_thread_in_native, id=9684, stack(0x000000f042200000,0x000000f042300000) (1024K)]


Current CompileTask:
C2:85869 11653       4       org.eclipse.jdt.internal.core.search.indexing.BinaryIndexer::extractReferenceFromConstantPool (358 bytes)

Stack: [0x000000f042200000,0x000000f042300000]
Native frames: (J=compiled Java code, j=interpreted, Vv=VM code, C=native code)
V  [jvm.dll+0x6d2449]
V  [jvm.dll+0x8ae341]
V  [jvm.dll+0x8b08be]
V  [jvm.dll+0x8b0fa3]
V  [jvm.dll+0x280c96]
V  [jvm.dll+0xc581d]
V  [jvm.dll+0xc5d53]
V  [jvm.dll+0x2f539d]
V  [jvm.dll+0x5fa00a]
V  [jvm.dll+0x252092]
V  [jvm.dll+0x25244f]
V  [jvm.dll+0x24ad14]
V  [jvm.dll+0x2483a4]
V  [jvm.dll+0x1c89ee]
V  [jvm.dll+0x257d4d]
V  [jvm.dll+0x2562ea]
V  [jvm.dll+0x3f2d16]
V  [jvm.dll+0x857e6b]
V  [jvm.dll+0x6d0b0d]
C  [ucrtbase.dll+0x29333]
C  [KERNEL32.DLL+0x1259d]
C  [ntdll.dll+0x5af78]


---------------  P R O C E S S  ---------------

Threads class SMR info:
_java_thread_list=0x000002837d981020, length=35, elements={
0x000002831dc4cbd0, 0x0000028334627970, 0x000002833462b7a0, 0x000002833462ce50,
0x000002833462dd60, 0x000002833462fb20, 0x0000028334630770, 0x00000283346335b0,
0x00000283346aa420, 0x0000028376352fe0, 0x000002837658c6b0, 0x0000028376a187a0,
0x0000028376a19750, 0x0000028376a04470, 0x0000028376cf91e0, 0x0000028376c302d0,
0x0000028376c30960, 0x0000028376c2f5b0, 0x0000028376c2db70, 0x0000028376c2fc40,
0x0000028376c2e200, 0x0000028376c30ff0, 0x0000028376c2e890, 0x0000028376c2ef20,
0x000002837b76fce0, 0x000002837b7693e0, 0x000002837b76e930, 0x000002837b76c1d0,
0x000002837b76dc10, 0x000002837b76a100, 0x000002837b76f650, 0x000002837b76d580,
0x000002837b76b4b0, 0x000002837b76ae20, 0x000002837dcf9590
}

Java Threads: ( => current thread )
  0x000002831dc4cbd0 JavaThread "main"                              [_thread_blocked, id=10292, stack(0x000000f040700000,0x000000f040800000) (1024K)]
  0x0000028334627970 JavaThread "Reference Handler"          daemon [_thread_blocked, id=12272, stack(0x000000f040c00000,0x000000f040d00000) (1024K)]
  0x000002833462b7a0 JavaThread "Finalizer"                  daemon [_thread_blocked, id=20296, stack(0x000000f040d00000,0x000000f040e00000) (1024K)]
  0x000002833462ce50 JavaThread "Signal Dispatcher"          daemon [_thread_blocked, id=17632, stack(0x000000f040e00000,0x000000f040f00000) (1024K)]
  0x000002833462dd60 JavaThread "Attach Listener"            daemon [_thread_blocked, id=5436, stack(0x000000f040f00000,0x000000f041000000) (1024K)]
  0x000002833462fb20 JavaThread "Service Thread"             daemon [_thread_blocked, id=1968, stack(0x000000f041000000,0x000000f041100000) (1024K)]
  0x0000028334630770 JavaThread "Monitor Deflation Thread"   daemon [_thread_blocked, id=16952, stack(0x000000f041100000,0x000000f041200000) (1024K)]
  0x00000283346335b0 JavaThread "C2 CompilerThread0"         daemon [_thread_in_native, id=16816, stack(0x000000f041200000,0x000000f041300000) (1024K)]
  0x00000283346aa420 JavaThread "C1 CompilerThread0"         daemon [_thread_blocked, id=19052, stack(0x000000f041300000,0x000000f041400000) (1024K)]
  0x0000028376352fe0 JavaThread "Common-Cleaner"             daemon [_thread_blocked, id=9132, stack(0x000000f041400000,0x000000f041500000) (1024K)]
  0x000002837658c6b0 JavaThread "Notification Thread"        daemon [_thread_blocked, id=15980, stack(0x000000f041500000,0x000000f041600000) (1024K)]
  0x0000028376a187a0 JavaThread "Active Thread: Equinox Container: 2a617482-8866-416e-914a-73cb4938f018"        [_thread_blocked, id=20368, stack(0x000000f041d00000,0x000000f041e00000) (1024K)]
  0x0000028376a19750 JavaThread "Framework Event Dispatcher: Equinox Container: 2a617482-8866-416e-914a-73cb4938f018" daemon [_thread_blocked, id=12608, stack(0x000000f041900000,0x000000f041a00000) (1024K)]
  0x0000028376a04470 JavaThread "Start Level: Equinox Container: 2a617482-8866-416e-914a-73cb4938f018" daemon [_thread_blocked, id=17532, stack(0x000000f041a00000,0x000000f041b00000) (1024K)]
  0x0000028376cf91e0 JavaThread "Refresh Thread: Equinox Container: 2a617482-8866-416e-914a-73cb4938f018" daemon [_thread_blocked, id=12624, stack(0x000000f041b00000,0x000000f041c00000) (1024K)]
  0x0000028376c302d0 JavaThread "Bundle File Closer"         daemon [_thread_blocked, id=20304, stack(0x000000f041c00000,0x000000f041d00000) (1024K)]
  0x0000028376c30960 JavaThread "SCR Component Actor"        daemon [_thread_blocked, id=19972, stack(0x000000f041e00000,0x000000f041f00000) (1024K)]
  0x0000028376c2f5b0 JavaThread "Worker-JM"                         [_thread_blocked, id=20144, stack(0x000000f041f00000,0x000000f042000000) (1024K)]
  0x0000028376c2db70 JavaThread "Worker-0: Initialize workspace"        [_thread_blocked, id=19568, stack(0x000000f042000000,0x000000f042100000) (1024K)]
  0x0000028376c2fc40 JavaThread "Worker-1"                          [_thread_blocked, id=5544, stack(0x000000f042100000,0x000000f042200000) (1024K)]
  0x0000028376c2e200 JavaThread "Worker-2"                          [_thread_blocked, id=18336, stack(0x000000f042300000,0x000000f042400000) (1024K)]
  0x0000028376c30ff0 JavaThread "Java indexing"              daemon [_thread_in_Java, id=12916, stack(0x000000f042400000,0x000000f042500000) (1024K)]
  0x0000028376c2e890 JavaThread "Worker-3"                          [_thread_blocked, id=8796, stack(0x000000f042500000,0x000000f042600000) (1024K)]
  0x0000028376c2ef20 JavaThread "JNA Cleaner"                daemon [_thread_blocked, id=14356, stack(0x000000f042600000,0x000000f042700000) (1024K)]
  0x000002837b76fce0 JavaThread "Worker-4: Building"                [_thread_in_Java, id=13344, stack(0x000000f042900000,0x000000f042a00000) (1024K)]
  0x000002837b7693e0 JavaThread "Worker-5: Java indexing... "        [_thread_blocked, id=3008, stack(0x000000f042a00000,0x000000f042b00000) (1024K)]
  0x000002837b76e930 JavaThread "Thread-1"                   daemon [_thread_in_native, id=8512, stack(0x000000f042b00000,0x000000f042c00000) (1024K)]
  0x000002837b76c1d0 JavaThread "Thread-2"                   daemon [_thread_in_native, id=17788, stack(0x000000f042c00000,0x000000f042d00000) (1024K)]
  0x000002837b76dc10 JavaThread "Thread-3"                   daemon [_thread_in_native, id=5472, stack(0x000000f042d00000,0x000000f042e00000) (1024K)]
  0x000002837b76a100 JavaThread "Thread-4"                   daemon [_thread_in_native, id=6968, stack(0x000000f042e00000,0x000000f042f00000) (1024K)]
  0x000002837b76f650 JavaThread "Thread-5"                   daemon [_thread_in_native, id=13244, stack(0x000000f042f00000,0x000000f043000000) (1024K)]
  0x000002837b76d580 JavaThread "pool-2-thread-1"                   [_thread_blocked, id=17780, stack(0x000000f043000000,0x000000f043100000) (1024K)]
  0x000002837b76b4b0 JavaThread "WorkspaceEventsHandler"            [_thread_blocked, id=14808, stack(0x000000f043100000,0x000000f043200000) (1024K)]
  0x000002837b76ae20 JavaThread "pool-1-thread-1"                   [_thread_blocked, id=18024, stack(0x000000f043200000,0x000000f043300000) (1024K)]
=>0x000002837dcf9590 JavaThread "C2 CompilerThread1"         daemon [_thread_in_native, id=9684, stack(0x000000f042200000,0x000000f042300000) (1024K)]
Total: 35

Other Threads:
  0x000002831dd0d8e0 VMThread "VM Thread"                           [id=6724, stack(0x000000f040b00000,0x000000f040c00000) (1024K)]
  0x00000283345ccc50 WatcherThread "VM Periodic Task Thread"        [id=20816, stack(0x000000f040a00000,0x000000f040b00000) (1024K)]
  0x000002831dc6c0d0 WorkerThread "GC Thread#0"                     [id=17612, stack(0x000000f040900000,0x000000f040a00000) (1024K)]
  0x0000028376af8d90 WorkerThread "GC Thread#1"                     [id=15092, stack(0x000000f041600000,0x000000f041700000) (1024K)]
  0x0000028376af9130 WorkerThread "GC Thread#2"                     [id=18508, stack(0x000000f041700000,0x000000f041800000) (1024K)]
  0x0000028376af94d0 WorkerThread "GC Thread#3"                     [id=8252, stack(0x000000f041800000,0x000000f041900000) (1024K)]
Total: 6

Threads with active compile tasks:
C2 CompilerThread0  85924 11649       4       org.eclipse.jdt.core.Signature::appendClassTypeSignature (323 bytes)
C2 CompilerThread1  85924 11653       4       org.eclipse.jdt.internal.core.search.indexing.BinaryIndexer::extractReferenceFromConstantPool (358 bytes)
Total: 2

VM state: not at safepoint (normal execution)

VM Mutex/Monitor currently owned by a thread: None

Heap address: 0x0000000080000000, size: 2048 MB, Compressed Oops mode: 32-bit

CDS archive(s) mapped at: [0x0000028335000000-0x0000028335ba0000-0x0000028335ba0000), size 12189696, SharedBaseAddress: 0x0000028335000000, ArchiveRelocationMode: 1.
Compressed class space mapped at: 0x0000028336000000-0x0000028376000000, reserved size: 1073741824
Narrow klass base: 0x0000028335000000, Narrow klass shift: 0, Narrow klass range: 0x100000000

GC Precious Log:
 CardTable entry size: 512
 CPUs: 4 total, 4 available
 Memory: 7971M
 Large Page Support: Disabled
 NUMA Support: Disabled
 Compressed Oops: Enabled (32-bit)
 Alignments: Space 512K, Generation 512K, Heap 2M
 Heap Min Capacity: 100M
 Heap Initial Capacity: 100M
 Heap Max Capacity: 2G
 Pre-touch: Disabled
 Parallel Workers: 4

Heap:
 PSYoungGen      total 18432K, used 17493K [0x00000000d5580000, 0x00000000d6a80000, 0x0000000100000000)
  eden space 15360K, 93% used [0x00000000d5580000,0x00000000d6396be0,0x00000000d6480000)
  from space 3072K, 99% used [0x00000000d6480000,0x00000000d677e9b8,0x00000000d6780000)
  to   space 3072K, 0% used [0x00000000d6780000,0x00000000d6780000,0x00000000d6a80000)
 ParOldGen       total 68608K, used 57472K [0x0000000080000000, 0x0000000084300000, 0x00000000d5580000)
  object space 68608K, 83% used [0x0000000080000000,0x0000000083820018,0x0000000084300000)
 Metaspace       used 61400K, committed 62912K, reserved 1114112K
  class space    used 6570K, committed 7296K, reserved 1048576K

Card table byte_map: [0x000002831d5f0000,0x000002831da00000] _byte_map_base: 0x000002831d1f0000

Marking Bits: (ParMarkBitMap*) 0x00007fff9cf1a340
 Begin Bits: [0x00000283300f0000, 0x00000283320f0000)
 End Bits:   [0x00000283320f0000, 0x00000283340f0000)

Polling page: 0x000002831bc20000

Metaspace:

Usage:
  Non-class:     53.55 MB used.
      Class:      6.42 MB used.
       Both:     59.96 MB used.

Virtual space:
  Non-class space:       64.00 MB reserved,      54.31 MB ( 85%) committed,  1 nodes.
      Class space:        1.00 GB reserved,       7.12 MB ( <1%) committed,  1 nodes.
             Both:        1.06 GB reserved,      61.44 MB (  6%) committed. 

Chunk freelists:
   Non-Class:  9.69 MB
       Class:  8.86 MB
        Both:  18.55 MB

MaxMetaspaceSize: unlimited
CompressedClassSpaceSize: 1.00 GB
Initial GC threshold: 21.00 MB
Current GC threshold: 97.31 MB
CDS: on
 - commit_granule_bytes: 65536.
 - commit_granule_words: 8192.
 - virtual_space_node_default_size: 8388608.
 - enlarge_chunks_in_place: 1.
 - use_allocation_guard: 0.


Internal statistics:

num_allocs_failed_limit: 9.
num_arena_births: 1096.
num_arena_deaths: 14.
num_vsnodes_births: 2.
num_vsnodes_deaths: 0.
num_space_committed: 983.
num_space_uncommitted: 0.
num_chunks_returned_to_freelist: 23.
num_chunks_taken_from_freelist: 3707.
num_chunk_merges: 13.
num_chunk_splits: 2293.
num_chunks_enlarged: 1346.
num_inconsistent_stats: 0.

CodeHeap 'non-profiled nmethods': size=120000Kb used=6896Kb max_used=6896Kb free=113104Kb
 bounds [0x0000028328910000, 0x0000028328fd0000, 0x000002832fe40000]
CodeHeap 'profiled nmethods': size=120000Kb used=24226Kb max_used=24226Kb free=95774Kb
 bounds [0x0000028320e40000, 0x00000283225f0000, 0x0000028328370000]
CodeHeap 'non-nmethods': size=5760Kb used=1440Kb max_used=1485Kb free=4320Kb
 bounds [0x0000028328370000, 0x00000283285e0000, 0x0000028328910000]
CodeCache: size=245760Kb, used=32562Kb, max_used=32607Kb, free=213198Kb
 total_blobs=11540, nmethods=10791, adapters=655, full_count=0
Compilation: enabled, stopped_count=0, restarted_count=0

Compilation events (20 events):
Event: 85.714 Thread 0x00000283346aa420 11665       3       jdk.nio.zipfs.ZipCoder::isUTF8 (16 bytes)
Event: 85.714 Thread 0x00000283346aa420 nmethod 11665 0x00000283225e3710 code [0x00000283225e38c0, 0x00000283225e3a30]
Event: 85.714 Thread 0x00000283346aa420 11666       3       jdk.nio.zipfs.ZipConstants::cenSigAt (8 bytes)
Event: 85.714 Thread 0x00000283346aa420 nmethod 11666 0x00000283225e3b10 code [0x00000283225e3cc0, 0x00000283225e3de8]
Event: 85.714 Thread 0x00000283346aa420 11669       3       jdk.nio.zipfs.ZipConstants::CENHOW (9 bytes)
Event: 85.714 Thread 0x00000283346aa420 nmethod 11669 0x00000283225e3e90 code [0x00000283225e4040, 0x00000283225e42a0]
Event: 85.714 Thread 0x00000283346aa420 11670       3       jdk.nio.zipfs.ZipConstants::CENNAM (9 bytes)
Event: 85.714 Thread 0x00000283346aa420 nmethod 11670 0x00000283225e4410 code [0x00000283225e45c0, 0x00000283225e4820]
Event: 85.715 Thread 0x00000283346aa420 11671       3       jdk.nio.zipfs.ZipConstants::CENEXT (9 bytes)
Event: 85.746 Thread 0x00000283346aa420 nmethod 11671 0x00000283225e4990 code [0x00000283225e4b40, 0x00000283225e4da0]
Event: 85.746 Thread 0x00000283346aa420 11673       3       jdk.nio.zipfs.ZipConstants::CENCOM (9 bytes)
Event: 85.747 Thread 0x00000283346aa420 nmethod 11673 0x00000283225e4f10 code [0x00000283225e50c0, 0x00000283225e5320]
Event: 85.747 Thread 0x00000283346aa420 11674       3       jdk.nio.zipfs.ZipConstants::CENFLG (9 bytes)
Event: 85.747 Thread 0x00000283346aa420 nmethod 11674 0x00000283225e5490 code [0x00000283225e5640, 0x00000283225e58a0]
Event: 85.747 Thread 0x00000283346aa420 11675       3       jdk.nio.zipfs.ZipFileSystem$IndexNode::<init> (113 bytes)
Event: 85.748 Thread 0x00000283346aa420 nmethod 11675 0x00000283225e5a10 code [0x00000283225e5d00, 0x00000283225e6d38]
Event: 85.748 Thread 0x00000283346aa420 11661       1       jdk.nio.zipfs.ZipFileSystem$IndexNode::hashCode (5 bytes)
Event: 85.748 Thread 0x00000283346aa420 nmethod 11661 0x0000028328fbe890 code [0x0000028328fbea20, 0x0000028328fbeae8]
Event: 85.865 Thread 0x00000283346aa420 11684       2       org.eclipse.jdt.internal.compiler.util.Util::scanIdentifier (71 bytes)
Event: 85.865 Thread 0x00000283346aa420 nmethod 11684 0x00000283225e7390 code [0x00000283225e7580, 0x00000283225e7920]

GC Heap History (20 events):
Event: 82.982 GC heap before
{Heap before GC invocations=43 (full 3):
 PSYoungGen      total 19968K, used 19648K [0x00000000d5580000, 0x00000000d6b00000, 0x0000000100000000)
  eden space 17920K, 100% used [0x00000000d5580000,0x00000000d6700000,0x00000000d6700000)
  from space 2048K, 84% used [0x00000000d6700000,0x00000000d68b0000,0x00000000d6900000)
  to   space 2048K, 0% used [0x00000000d6900000,0x00000000d6900000,0x00000000d6b00000)
 ParOldGen       total 68608K, used 39030K [0x0000000080000000, 0x0000000084300000, 0x00000000d5580000)
  object space 68608K, 56% used [0x0000000080000000,0x000000008261d970,0x0000000084300000)
 Metaspace       used 58648K, committed 59968K, reserved 1114112K
  class space    used 6308K, committed 6848K, reserved 1048576K
}
Event: 82.991 GC heap after
{Heap after GC invocations=43 (full 3):
 PSYoungGen      total 19968K, used 1700K [0x00000000d5580000, 0x00000000d6b00000, 0x0000000100000000)
  eden space 17920K, 0% used [0x00000000d5580000,0x00000000d5580000,0x00000000d6700000)
  from space 2048K, 83% used [0x00000000d6900000,0x00000000d6aa9000,0x00000000d6b00000)
  to   space 2048K, 0% used [0x00000000d6700000,0x00000000d6700000,0x00000000d6900000)
 ParOldGen       total 68608K, used 40668K [0x0000000080000000, 0x0000000084300000, 0x00000000d5580000)
  object space 68608K, 59% used [0x0000000080000000,0x00000000827b7320,0x0000000084300000)
 Metaspace       used 58648K, committed 59968K, reserved 1114112K
  class space    used 6308K, committed 6848K, reserved 1048576K
}
Event: 83.154 GC heap before
{Heap before GC invocations=44 (full 3):
 PSYoungGen      total 19968K, used 19620K [0x00000000d5580000, 0x00000000d6b00000, 0x0000000100000000)
  eden space 17920K, 100% used [0x00000000d5580000,0x00000000d6700000,0x00000000d6700000)
  from space 2048K, 83% used [0x00000000d6900000,0x00000000d6aa9000,0x00000000d6b00000)
  to   space 2048K, 0% used [0x00000000d6700000,0x00000000d6700000,0x00000000d6900000)
 ParOldGen       total 68608K, used 40668K [0x0000000080000000, 0x0000000084300000, 0x00000000d5580000)
  object space 68608K, 59% used [0x0000000080000000,0x00000000827b7320,0x0000000084300000)
 Metaspace       used 58656K, committed 60032K, reserved 1114112K
  class space    used 6308K, committed 6912K, reserved 1048576K
}
Event: 83.167 GC heap after
{Heap after GC invocations=44 (full 3):
 PSYoungGen      total 19968K, used 1824K [0x00000000d5580000, 0x00000000d6b00000, 0x0000000100000000)
  eden space 17920K, 0% used [0x00000000d5580000,0x00000000d5580000,0x00000000d6700000)
  from space 2048K, 89% used [0x00000000d6700000,0x00000000d68c8010,0x00000000d6900000)
  to   space 2048K, 0% used [0x00000000d6900000,0x00000000d6900000,0x00000000d6b00000)
 ParOldGen       total 68608K, used 42277K [0x0000000080000000, 0x0000000084300000, 0x00000000d5580000)
  object space 68608K, 61% used [0x0000000080000000,0x0000000082949420,0x0000000084300000)
 Metaspace       used 58656K, committed 60032K, reserved 1114112K
  class space    used 6308K, committed 6912K, reserved 1048576K
}
Event: 83.567 GC heap before
{Heap before GC invocations=45 (full 3):
 PSYoungGen      total 19968K, used 19744K [0x00000000d5580000, 0x00000000d6b00000, 0x0000000100000000)
  eden space 17920K, 100% used [0x00000000d5580000,0x00000000d6700000,0x00000000d6700000)
  from space 2048K, 89% used [0x00000000d6700000,0x00000000d68c8010,0x00000000d6900000)
  to   space 2048K, 0% used [0x00000000d6900000,0x00000000d6900000,0x00000000d6b00000)
 ParOldGen       total 68608K, used 42277K [0x0000000080000000, 0x0000000084300000, 0x00000000d5580000)
  object space 68608K, 61% used [0x0000000080000000,0x0000000082949420,0x0000000084300000)
 Metaspace       used 58712K, committed 60096K, reserved 1114112K
  class space    used 6308K, committed 6912K, reserved 1048576K
}
Event: 83.573 GC heap after
{Heap after GC invocations=45 (full 3):
 PSYoungGen      total 19968K, used 1568K [0x00000000d5580000, 0x00000000d6b00000, 0x0000000100000000)
  eden space 17920K, 0% used [0x00000000d5580000,0x00000000d5580000,0x00000000d6700000)
  from space 2048K, 76% used [0x00000000d6900000,0x00000000d6a88000,0x00000000d6b00000)
  to   space 2048K, 0% used [0x00000000d6700000,0x00000000d6700000,0x00000000d6900000)
 ParOldGen       total 68608K, used 44037K [0x0000000080000000, 0x0000000084300000, 0x00000000d5580000)
  object space 68608K, 64% used [0x0000000080000000,0x0000000082b01430,0x0000000084300000)
 Metaspace       used 58712K, committed 60096K, reserved 1114112K
  class space    used 6308K, committed 6912K, reserved 1048576K
}
Event: 83.710 GC heap before
{Heap before GC invocations=46 (full 3):
 PSYoungGen      total 19968K, used 19464K [0x00000000d5580000, 0x00000000d6b00000, 0x0000000100000000)
  eden space 17920K, 99% used [0x00000000d5580000,0x00000000d66fa2c0,0x00000000d6700000)
  from space 2048K, 76% used [0x00000000d6900000,0x00000000d6a88000,0x00000000d6b00000)
  to   space 2048K, 0% used [0x00000000d6700000,0x00000000d6700000,0x00000000d6900000)
 ParOldGen       total 68608K, used 44037K [0x0000000080000000, 0x0000000084300000, 0x00000000d5580000)
  object space 68608K, 64% used [0x0000000080000000,0x0000000082b01430,0x0000000084300000)
 Metaspace       used 58811K, committed 60160K, reserved 1114112K
  class space    used 6314K, committed 6912K, reserved 1048576K
}
Event: 83.714 GC heap after
{Heap after GC invocations=46 (full 3):
 PSYoungGen      total 19968K, used 1536K [0x00000000d5580000, 0x00000000d6b00000, 0x0000000100000000)
  eden space 17920K, 0% used [0x00000000d5580000,0x00000000d5580000,0x00000000d6700000)
  from space 2048K, 75% used [0x00000000d6700000,0x00000000d6880000,0x00000000d6900000)
  to   space 2048K, 0% used [0x00000000d6900000,0x00000000d6900000,0x00000000d6b00000)
 ParOldGen       total 68608K, used 45541K [0x0000000080000000, 0x0000000084300000, 0x00000000d5580000)
  object space 68608K, 66% used [0x0000000080000000,0x0000000082c79440,0x0000000084300000)
 Metaspace       used 58811K, committed 60160K, reserved 1114112K
  class space    used 6314K, committed 6912K, reserved 1048576K
}
Event: 84.051 GC heap before
{Heap before GC invocations=47 (full 3):
 PSYoungGen      total 19968K, used 19456K [0x00000000d5580000, 0x00000000d6b00000, 0x0000000100000000)
  eden space 17920K, 100% used [0x00000000d5580000,0x00000000d6700000,0x00000000d6700000)
  from space 2048K, 75% used [0x00000000d6700000,0x00000000d6880000,0x00000000d6900000)
  to   space 2048K, 0% used [0x00000000d6900000,0x00000000d6900000,0x00000000d6b00000)
 ParOldGen       total 68608K, used 45541K [0x0000000080000000, 0x0000000084300000, 0x00000000d5580000)
  object space 68608K, 66% used [0x0000000080000000,0x0000000082c79440,0x0000000084300000)
 Metaspace       used 59573K, committed 60864K, reserved 1114112K
  class space    used 6391K, committed 6976K, reserved 1048576K
}
Event: 84.055 GC heap after
{Heap after GC invocations=47 (full 3):
 PSYoungGen      total 19968K, used 1529K [0x00000000d5580000, 0x00000000d6b00000, 0x0000000100000000)
  eden space 17920K, 0% used [0x00000000d5580000,0x00000000d5580000,0x00000000d6700000)
  from space 2048K, 74% used [0x00000000d6900000,0x00000000d6a7e708,0x00000000d6b00000)
  to   space 2048K, 0% used [0x00000000d6700000,0x00000000d6700000,0x00000000d6900000)
 ParOldGen       total 68608K, used 47045K [0x0000000080000000, 0x0000000084300000, 0x00000000d5580000)
  object space 68608K, 68% used [0x0000000080000000,0x0000000082df1640,0x0000000084300000)
 Metaspace       used 59573K, committed 60864K, reserved 1114112K
  class space    used 6391K, committed 6976K, reserved 1048576K
}
Event: 84.537 GC heap before
{Heap before GC invocations=48 (full 3):
 PSYoungGen      total 19968K, used 19449K [0x00000000d5580000, 0x00000000d6b00000, 0x0000000100000000)
  eden space 17920K, 100% used [0x00000000d5580000,0x00000000d6700000,0x00000000d6700000)
  from space 2048K, 74% used [0x00000000d6900000,0x00000000d6a7e708,0x00000000d6b00000)
  to   space 2048K, 0% used [0x00000000d6700000,0x00000000d6700000,0x00000000d6900000)
 ParOldGen       total 68608K, used 47045K [0x0000000080000000, 0x0000000084300000, 0x00000000d5580000)
  object space 68608K, 68% used [0x0000000080000000,0x0000000082df1640,0x0000000084300000)
 Metaspace       used 60125K, committed 61568K, reserved 1114112K
  class space    used 6446K, committed 7104K, reserved 1048576K
}
Event: 84.542 GC heap after
{Heap after GC invocations=48 (full 3):
 PSYoungGen      total 19456K, used 1216K [0x00000000d5580000, 0x00000000d6a00000, 0x0000000100000000)
  eden space 17920K, 0% used [0x00000000d5580000,0x00000000d5580000,0x00000000d6700000)
  from space 1536K, 79% used [0x00000000d6700000,0x00000000d6830000,0x00000000d6880000)
  to   space 1536K, 0% used [0x00000000d6880000,0x00000000d6880000,0x00000000d6a00000)
 ParOldGen       total 68608K, used 48517K [0x0000000080000000, 0x0000000084300000, 0x00000000d5580000)
  object space 68608K, 70% used [0x0000000080000000,0x0000000082f617f8,0x0000000084300000)
 Metaspace       used 60125K, committed 61568K, reserved 1114112K
  class space    used 6446K, committed 7104K, reserved 1048576K
}
Event: 84.996 GC heap before
{Heap before GC invocations=49 (full 3):
 PSYoungGen      total 19456K, used 19136K [0x00000000d5580000, 0x00000000d6a00000, 0x0000000100000000)
  eden space 17920K, 100% used [0x00000000d5580000,0x00000000d6700000,0x00000000d6700000)
  from space 1536K, 79% used [0x00000000d6700000,0x00000000d6830000,0x00000000d6880000)
  to   space 1536K, 0% used [0x00000000d6880000,0x00000000d6880000,0x00000000d6a00000)
 ParOldGen       total 68608K, used 48517K [0x0000000080000000, 0x0000000084300000, 0x00000000d5580000)
  object space 68608K, 70% used [0x0000000080000000,0x0000000082f617f8,0x0000000084300000)
 Metaspace       used 60912K, committed 62400K, reserved 1114112K
  class space    used 6523K, committed 7232K, reserved 1048576K
}
Event: 85.003 GC heap after
{Heap after GC invocations=49 (full 3):
 PSYoungGen      total 16896K, used 1520K [0x00000000d5580000, 0x00000000d6f00000, 0x0000000100000000)
  eden space 15360K, 0% used [0x00000000d5580000,0x00000000d5580000,0x00000000d6480000)
  from space 1536K, 98% used [0x00000000d6880000,0x00000000d69fc1d8,0x00000000d6a00000)
  to   space 4096K, 0% used [0x00000000d6480000,0x00000000d6480000,0x00000000d6880000)
 ParOldGen       total 68608K, used 50372K [0x0000000080000000, 0x0000000084300000, 0x00000000d5580000)
  object space 68608K, 73% used [0x0000000080000000,0x00000000831313c0,0x0000000084300000)
 Metaspace       used 60912K, committed 62400K, reserved 1114112K
  class space    used 6523K, committed 7232K, reserved 1048576K
}
Event: 85.181 GC heap before
{Heap before GC invocations=50 (full 3):
 PSYoungGen      total 16896K, used 16880K [0x00000000d5580000, 0x00000000d6f00000, 0x0000000100000000)
  eden space 15360K, 100% used [0x00000000d5580000,0x00000000d6480000,0x00000000d6480000)
  from space 1536K, 98% used [0x00000000d6880000,0x00000000d69fc1d8,0x00000000d6a00000)
  to   space 4096K, 0% used [0x00000000d6480000,0x00000000d6480000,0x00000000d6880000)
 ParOldGen       total 68608K, used 50372K [0x0000000080000000, 0x0000000084300000, 0x00000000d5580000)
  object space 68608K, 73% used [0x0000000080000000,0x00000000831313c0,0x0000000084300000)
 Metaspace       used 61075K, committed 62592K, reserved 1114112K
  class space    used 6541K, committed 7232K, reserved 1048576K
}
Event: 85.186 GC heap after
{Heap after GC invocations=50 (full 3):
 PSYoungGen      total 17920K, used 2379K [0x00000000d5580000, 0x00000000d6a80000, 0x0000000100000000)
  eden space 15360K, 0% used [0x00000000d5580000,0x00000000d5580000,0x00000000d6480000)
  from space 2560K, 92% used [0x00000000d6480000,0x00000000d66d2e20,0x00000000d6700000)
  to   space 3072K, 0% used [0x00000000d6780000,0x00000000d6780000,0x00000000d6a80000)
 ParOldGen       total 68608K, used 51797K [0x0000000080000000, 0x0000000084300000, 0x00000000d5580000)
  object space 68608K, 75% used [0x0000000080000000,0x0000000083295538,0x0000000084300000)
 Metaspace       used 61075K, committed 62592K, reserved 1114112K
  class space    used 6541K, committed 7232K, reserved 1048576K
}
Event: 85.288 GC heap before
{Heap before GC invocations=51 (full 3):
 PSYoungGen      total 17920K, used 17739K [0x00000000d5580000, 0x00000000d6a80000, 0x0000000100000000)
  eden space 15360K, 100% used [0x00000000d5580000,0x00000000d6480000,0x00000000d6480000)
  from space 2560K, 92% used [0x00000000d6480000,0x00000000d66d2e20,0x00000000d6700000)
  to   space 3072K, 0% used [0x00000000d6780000,0x00000000d6780000,0x00000000d6a80000)
 ParOldGen       total 68608K, used 51797K [0x0000000080000000, 0x0000000084300000, 0x00000000d5580000)
  object space 68608K, 75% used [0x0000000080000000,0x0000000083295538,0x0000000084300000)
 Metaspace       used 61080K, committed 62592K, reserved 1114112K
  class space    used 6541K, committed 7232K, reserved 1048576K
}
Event: 85.294 GC heap after
{Heap after GC invocations=51 (full 3):
 PSYoungGen      total 18432K, used 2627K [0x00000000d5580000, 0x00000000d6a80000, 0x0000000100000000)
  eden space 15360K, 0% used [0x00000000d5580000,0x00000000d5580000,0x00000000d6480000)
  from space 3072K, 85% used [0x00000000d6780000,0x00000000d6a10cb8,0x00000000d6a80000)
  to   space 3072K, 0% used [0x00000000d6480000,0x00000000d6480000,0x00000000d6780000)
 ParOldGen       total 68608K, used 53960K [0x0000000080000000, 0x0000000084300000, 0x00000000d5580000)
  object space 68608K, 78% used [0x0000000080000000,0x00000000834b2350,0x0000000084300000)
 Metaspace       used 61080K, committed 62592K, reserved 1114112K
  class space    used 6541K, committed 7232K, reserved 1048576K
}
Event: 85.740 GC heap before
{Heap before GC invocations=52 (full 3):
 PSYoungGen      total 18432K, used 17987K [0x00000000d5580000, 0x00000000d6a80000, 0x0000000100000000)
  eden space 15360K, 100% used [0x00000000d5580000,0x00000000d6480000,0x00000000d6480000)
  from space 3072K, 85% used [0x00000000d6780000,0x00000000d6a10cb8,0x00000000d6a80000)
  to   space 3072K, 0% used [0x00000000d6480000,0x00000000d6480000,0x00000000d6780000)
 ParOldGen       total 68608K, used 53960K [0x0000000080000000, 0x0000000084300000, 0x00000000d5580000)
  object space 68608K, 78% used [0x0000000080000000,0x00000000834b2350,0x0000000084300000)
 Metaspace       used 61398K, committed 62912K, reserved 1114112K
  class space    used 6570K, committed 7296K, reserved 1048576K
}
Event: 85.746 GC heap after
{Heap after GC invocations=52 (full 3):
 PSYoungGen      total 18432K, used 3066K [0x00000000d5580000, 0x00000000d6a80000, 0x0000000100000000)
  eden space 15360K, 0% used [0x00000000d5580000,0x00000000d5580000,0x00000000d6480000)
  from space 3072K, 99% used [0x00000000d6480000,0x00000000d677e9b8,0x00000000d6780000)
  to   space 3072K, 0% used [0x00000000d6780000,0x00000000d6780000,0x00000000d6a80000)
 ParOldGen       total 68608K, used 57472K [0x0000000080000000, 0x0000000084300000, 0x00000000d5580000)
  object space 68608K, 83% used [0x0000000080000000,0x0000000083820018,0x0000000084300000)
 Metaspace       used 61398K, committed 62912K, reserved 1114112K
  class space    used 6570K, committed 7296K, reserved 1048576K
}

Dll operation events (14 events):
Event: 0.016 Loaded shared library c:\Users\HP\.vscode\extensions\redhat.java-1.47.0-win32-x64\jre\21.0.8-win32-x86_64\bin\java.dll
Event: 0.401 Loaded shared library c:\Users\HP\.vscode\extensions\redhat.java-1.47.0-win32-x64\jre\21.0.8-win32-x86_64\bin\zip.dll
Event: 0.469 Loaded shared library C:\Users\HP\.vscode\extensions\redhat.java-1.47.0-win32-x64\jre\21.0.8-win32-x86_64\bin\instrument.dll
Event: 0.479 Loaded shared library C:\Users\HP\.vscode\extensions\redhat.java-1.47.0-win32-x64\jre\21.0.8-win32-x86_64\bin\net.dll
Event: 0.482 Loaded shared library C:\Users\HP\.vscode\extensions\redhat.java-1.47.0-win32-x64\jre\21.0.8-win32-x86_64\bin\nio.dll
Event: 0.519 Loaded shared library C:\Users\HP\.vscode\extensions\redhat.java-1.47.0-win32-x64\jre\21.0.8-win32-x86_64\bin\zip.dll
Event: 0.568 Loaded shared library C:\Users\HP\.vscode\extensions\redhat.java-1.47.0-win32-x64\jre\21.0.8-win32-x86_64\bin\jimage.dll
Event: 0.978 Loaded shared library c:\Users\HP\.vscode\extensions\redhat.java-1.47.0-win32-x64\jre\21.0.8-win32-x86_64\bin\verify.dll
Event: 19.195 Loaded shared library C:\Users\HP\AppData\Roaming\Code\User\globalStorage\redhat.java\1.47.0\config_win\org.eclipse.equinox.launcher\org.eclipse.equinox.launcher.win32.win32.x86_64_1.2.1400.v20250801-0854\eclipse_11916.dll
Event: 41.947 Loaded shared library C:\Users\HP\.vscode\extensions\redhat.java-1.47.0-win32-x64\jre\21.0.8-win32-x86_64\bin\management.dll
Event: 41.951 Loaded shared library C:\Users\HP\.vscode\extensions\redhat.java-1.47.0-win32-x64\jre\21.0.8-win32-x86_64\bin\management_ext.dll
Event: 47.070 Loaded shared library C:\Users\HP\AppData\Local\Temp\jna-2312\jna14787046940824733130.dll
Event: 48.723 Loaded shared library C:\Users\HP\.vscode\extensions\redhat.java-1.47.0-win32-x64\jre\21.0.8-win32-x86_64\bin\sunmscapi.dll
Event: 49.549 Loaded shared library C:\Users\HP\.vscode\extensions\redhat.java-1.47.0-win32-x64\jre\21.0.8-win32-x86_64\bin\extnet.dll

Deoptimization events (20 events):
Event: 85.110 Thread 0x000002837b76fce0 DEOPT PACKING pc=0x0000028328cf4cc8 sp=0x000000f0429fee50
Event: 85.110 Thread 0x000002837b76fce0 DEOPT UNPACKING pc=0x00000283283c3aa2 sp=0x000000f0429fee60 mode 2
Event: 85.588 Thread 0x0000028376c30ff0 DEOPT PACKING pc=0x000002832247b183 sp=0x000000f0424fe310
Event: 85.588 Thread 0x0000028376c30ff0 DEOPT UNPACKING pc=0x00000283283c4242 sp=0x000000f0424fd878 mode 0
Event: 85.698 Thread 0x0000028376c30ff0 DEOPT PACKING pc=0x000002832247b183 sp=0x000000f0424fe310
Event: 85.698 Thread 0x0000028376c30ff0 DEOPT UNPACKING pc=0x00000283283c4242 sp=0x000000f0424fd878 mode 0
Event: 85.711 Thread 0x000002837b76fce0 DEOPT PACKING pc=0x00000283225dc2b7 sp=0x000000f0429fe180
Event: 85.711 Thread 0x000002837b76fce0 DEOPT UNPACKING pc=0x00000283283c4242 sp=0x000000f0429fd610 mode 0
Event: 85.711 Thread 0x000002837b76fce0 DEOPT PACKING pc=0x00000283225dc87f sp=0x000000f0429fe0e0
Event: 85.711 Thread 0x000002837b76fce0 DEOPT UNPACKING pc=0x00000283283c4242 sp=0x000000f0429fd568 mode 0
Event: 85.712 Thread 0x000002837b76fce0 DEOPT PACKING pc=0x00000283225dd28b sp=0x000000f0429fe070
Event: 85.712 Thread 0x000002837b76fce0 DEOPT UNPACKING pc=0x00000283283c4242 sp=0x000000f0429fd608 mode 0
Event: 85.713 Thread 0x000002837b76fce0 DEOPT PACKING pc=0x00000283225dc87f sp=0x000000f0429fe0e0
Event: 85.713 Thread 0x000002837b76fce0 DEOPT UNPACKING pc=0x00000283283c4242 sp=0x000000f0429fd568 mode 0
Event: 85.713 Thread 0x000002837b76fce0 DEOPT PACKING pc=0x00000283225dd28b sp=0x000000f0429fe070
Event: 85.713 Thread 0x000002837b76fce0 DEOPT UNPACKING pc=0x00000283283c4242 sp=0x000000f0429fd608 mode 0
Event: 85.770 Thread 0x0000028376c30ff0 DEOPT PACKING pc=0x000002832247b183 sp=0x000000f0424fe310
Event: 85.770 Thread 0x0000028376c30ff0 DEOPT UNPACKING pc=0x00000283283c4242 sp=0x000000f0424fd878 mode 0
Event: 85.785 Thread 0x0000028376c30ff0 DEOPT PACKING pc=0x000002832247b183 sp=0x000000f0424fe310
Event: 85.785 Thread 0x0000028376c30ff0 DEOPT UNPACKING pc=0x00000283283c4242 sp=0x000000f0424fd878 mode 0

Classes loaded (20 events):
Event: 84.518 Loading class java/util/stream/Nodes$ConcNode
Event: 84.518 Loading class java/util/stream/Nodes$AbstractConcNode
Event: 84.518 Loading class java/util/stream/Nodes$AbstractConcNode done
Event: 84.518 Loading class java/util/stream/Nodes$ConcNode done
Event: 84.630 Loading class java/io/FileFilter
Event: 84.630 Loading class java/io/FileFilter done
Event: 84.644 Loading class java/util/CollSer
Event: 84.645 Loading class java/util/CollSer done
Event: 84.670 Loading class java/util/Collections$SynchronizedRandomAccessList
Event: 84.670 Loading class java/util/Collections$SynchronizedList
Event: 84.670 Loading class java/util/Collections$SynchronizedList done
Event: 84.670 Loading class java/util/Collections$SynchronizedRandomAccessList done
Event: 84.719 Loading class java/util/concurrent/CompletableFuture$Signaller
Event: 84.720 Loading class java/util/concurrent/CompletableFuture$Signaller done
Event: 84.749 Loading class java/util/regex/PatternSyntaxException
Event: 84.751 Loading class java/util/regex/PatternSyntaxException done
Event: 85.626 Loading class java/nio/file/attribute/PosixFileAttributes
Event: 85.626 Loading class java/nio/file/attribute/PosixFileAttributes done
Event: 85.692 Loading class java/nio/file/attribute/PosixFileAttributeView
Event: 85.693 Loading class java/nio/file/attribute/PosixFileAttributeView done

Classes unloaded (7 events):
Event: 43.921 Thread 0x000002831dd0d8e0 Unloading class 0x00000283361bb000 'java/lang/invoke/LambdaForm$MH+0x00000283361bb000'
Event: 43.921 Thread 0x000002831dd0d8e0 Unloading class 0x00000283361bac00 'java/lang/invoke/LambdaForm$MH+0x00000283361bac00'
Event: 43.921 Thread 0x000002831dd0d8e0 Unloading class 0x00000283361ba800 'java/lang/invoke/LambdaForm$MH+0x00000283361ba800'
Event: 43.921 Thread 0x000002831dd0d8e0 Unloading class 0x00000283361ba400 'java/lang/invoke/LambdaForm$MH+0x00000283361ba400'
Event: 43.921 Thread 0x000002831dd0d8e0 Unloading class 0x00000283361ba000 'java/lang/invoke/LambdaForm$BMH+0x00000283361ba000'
Event: 43.921 Thread 0x000002831dd0d8e0 Unloading class 0x00000283361b9c00 'java/lang/invoke/LambdaForm$DMH+0x00000283361b9c00'
Event: 43.921 Thread 0x000002831dd0d8e0 Unloading class 0x00000283361b8800 'java/lang/invoke/LambdaForm$DMH+0x00000283361b8800'

Classes redefined (0 events):
No events

Internal exceptions (20 events):
Event: 84.530 Thread 0x000002837b76ae20 Exception <a 'sun/nio/fs/WindowsException'{0x00000000d66b4538}> (0x00000000d66b4538) 
thrown [s\src\hotspot\share\prims\jni.cpp, line 520]
Event: 84.531 Thread 0x000002837b76ae20 Exception <a 'sun/nio/fs/WindowsException'{0x00000000d66b4b68}> (0x00000000d66b4b68) 
thrown [s\src\hotspot\share\prims\jni.cpp, line 520]
Event: 84.531 Thread 0x000002837b76ae20 Exception <a 'sun/nio/fs/WindowsException'{0x00000000d66b5c50}> (0x00000000d66b5c50) 
thrown [s\src\hotspot\share\prims\jni.cpp, line 520]
Event: 84.531 Thread 0x000002837b76ae20 Exception <a 'sun/nio/fs/WindowsException'{0x00000000d66b6280}> (0x00000000d66b6280) 
thrown [s\src\hotspot\share\prims\jni.cpp, line 520]
Event: 84.531 Thread 0x000002837b76ae20 Exception <a 'sun/nio/fs/WindowsException'{0x00000000d66c4300}> (0x00000000d66c4300) 
thrown [s\src\hotspot\share\prims\jni.cpp, line 520]
Event: 84.531 Thread 0x000002837b76ae20 Exception <a 'sun/nio/fs/WindowsException'{0x00000000d66c4930}> (0x00000000d66c4930) 
thrown [s\src\hotspot\share\prims\jni.cpp, line 520]
Event: 84.565 Thread 0x000002837b76fce0 Exception <a 'sun/nio/fs/WindowsException'{0x00000000d55f3e88}> (0x00000000d55f3e88) 
thrown [s\src\hotspot\share\prims\jni.cpp, line 520]
Event: 84.565 Thread 0x000002837b76fce0 Exception <a 'sun/nio/fs/WindowsException'{0x00000000d55f4998}> (0x00000000d55f4998) 
thrown [s\src\hotspot\share\prims\jni.cpp, line 520]
Event: 84.566 Thread 0x000002837b76fce0 Implicit null exception at 0x0000028328ede286 to 0x0000028328ede528
Event: 84.656 Thread 0x000002837b76fce0 Exception <a 'java/lang/NoSuchMethodError'{0x00000000d5a5b4f8}: static Lorg/eclipse/m2e/core/internal/project/registry/MavenProjectFacade$MavenProjectConfiguration;.<clinit>()V> (0x00000000d5a5b4f8) 
thrown [s\src\hotspot\share\prims\jni.cpp, line 1111]
Event: 84.660 Thread 0x000002837b76fce0 Exception <a 'java/lang/NoSuchMethodError'{0x00000000d5a79610}: static [J.<clinit>()V> (0x00000000d5a79610) 
thrown [s\src\hotspot\share\prims\jni.cpp, line 1111]
Event: 84.674 Thread 0x000002837b76fce0 Exception <a 'sun/nio/fs/WindowsException'{0x00000000d5b6cea0}> (0x00000000d5b6cea0) 
thrown [s\src\hotspot\share\prims\jni.cpp, line 520]
Event: 84.676 Thread 0x000002837b76fce0 Exception <a 'sun/nio/fs/WindowsException'{0x00000000d5b776e8}> (0x00000000d5b776e8) 
thrown [s\src\hotspot\share\prims\jni.cpp, line 520]
Event: 84.829 Thread 0x000002837b76ae20 Exception <a 'java/lang/IncompatibleClassChangeError'{0x00000000d5d95fd0}: Found class java.lang.Object, but interface was expected> (0x00000000d5d95fd0) 
thrown [s\src\hotspot\share\interpreter\linkResolver.cpp, line 840]
Event: 85.087 Thread 0x0000028376c30ff0 Implicit null exception at 0x0000028328f6c2e9 to 0x0000028328f6c4bc
Event: 85.092 Thread 0x000002837b76fce0 Exception <a 'sun/nio/fs/WindowsException'{0x00000000d5db5368}> (0x00000000d5db5368) 
thrown [s\src\hotspot\share\prims\jni.cpp, line 520]
Event: 85.092 Thread 0x000002837b76fce0 Exception <a 'sun/nio/fs/WindowsException'{0x00000000d5db5ba8}> (0x00000000d5db5ba8) 
thrown [s\src\hotspot\share\prims\jni.cpp, line 520]
Event: 85.103 Thread 0x000002837b76fce0 Exception <a 'sun/nio/fs/WindowsException'{0x00000000d5dff2c8}> (0x00000000d5dff2c8) 
thrown [s\src\hotspot\share\prims\jni.cpp, line 520]
Event: 85.103 Thread 0x000002837b76fce0 Exception <a 'sun/nio/fs/WindowsException'{0x00000000d5dffdb8}> (0x00000000d5dffdb8) 
thrown [s\src\hotspot\share\prims\jni.cpp, line 520]
Event: 85.128 Thread 0x000002837b76fce0 Exception <a 'java/lang/NoSuchMethodError'{0x00000000d60c6c90}: 'int java.lang.invoke.DirectMethodHandle$Holder.invokeStatic(java.lang.Object)'> (0x00000000d60c6c90) 
thrown [s\src\hotspot\share\interpreter\linkResolver.cpp, line 773]

ZGC Phase Switch (0 events):
No events

VM Operations (20 events):
Event: 84.534 Executing VM operation: ParallelGCFailedAllocation (Allocation Failure)
Event: 84.542 Executing VM operation: ParallelGCFailedAllocation (Allocation Failure) done
Event: 84.603 Executing VM operation: HandshakeAllThreads (Deoptimize)
Event: 84.603 Executing VM operation: HandshakeAllThreads (Deoptimize) done
Event: 84.647 Executing VM operation: HandshakeAllThreads (Deoptimize)
Event: 84.660 Executing VM operation: HandshakeAllThreads (Deoptimize) done
Event: 84.984 Executing VM operation: HandshakeAllThreads (Deoptimize)
Event: 84.984 Executing VM operation: HandshakeAllThreads (Deoptimize) done
Event: 84.996 Executing VM operation: ParallelGCFailedAllocation (Allocation Failure)
Event: 85.003 Executing VM operation: ParallelGCFailedAllocation (Allocation Failure) done
Event: 85.130 Executing VM operation: HandshakeAllThreads (Deoptimize)
Event: 85.131 Executing VM operation: HandshakeAllThreads (Deoptimize) done
Event: 85.181 Executing VM operation: ParallelGCFailedAllocation (Allocation Failure)
Event: 85.186 Executing VM operation: ParallelGCFailedAllocation (Allocation Failure) done
Event: 85.288 Executing VM operation: ParallelGCFailedAllocation (Allocation Failure)
Event: 85.294 Executing VM operation: ParallelGCFailedAllocation (Allocation Failure) done
Event: 85.673 Executing VM operation: HandshakeAllThreads (Deoptimize)
Event: 85.692 Executing VM operation: HandshakeAllThreads (Deoptimize) done
Event: 85.715 Executing VM operation: ParallelGCFailedAllocation (Allocation Failure)
Event: 85.746 Executing VM operation: ParallelGCFailedAllocation (Allocation Failure) done

Memory protections (0 events):
No events

Nmethod flushes (20 events):
Event: 82.144 Thread 0x000002831dd0d8e0 flushing  nmethod 0x000002832183d310
Event: 82.144 Thread 0x000002831dd0d8e0 flushing  nmethod 0x0000028321840010
Event: 82.144 Thread 0x000002831dd0d8e0 flushing  nmethod 0x0000028321851c10
Event: 82.144 Thread 0x000002831dd0d8e0 flushing  nmethod 0x000002832185d290
Event: 82.144 Thread 0x000002831dd0d8e0 flushing  nmethod 0x0000028321870090
Event: 82.144 Thread 0x000002831dd0d8e0 flushing  nmethod 0x0000028321871290
Event: 82.144 Thread 0x000002831dd0d8e0 flushing  nmethod 0x000002832187ca10
Event: 82.144 Thread 0x000002831dd0d8e0 flushing  nmethod 0x000002832187de10
Event: 82.144 Thread 0x000002831dd0d8e0 flushing  nmethod 0x000002832187f590
Event: 82.144 Thread 0x000002831dd0d8e0 flushing  nmethod 0x0000028321886810
Event: 82.144 Thread 0x000002831dd0d8e0 flushing  nmethod 0x0000028321894110
Event: 82.144 Thread 0x000002831dd0d8e0 flushing  nmethod 0x0000028321894590
Event: 82.144 Thread 0x000002831dd0d8e0 flushing  nmethod 0x000002832189c610
Event: 82.144 Thread 0x000002831dd0d8e0 flushing  nmethod 0x00000283218a6910
Event: 82.144 Thread 0x000002831dd0d8e0 flushing  nmethod 0x00000283218dd490
Event: 82.144 Thread 0x000002831dd0d8e0 flushing osr nmethod 0x00000283218f5f90
Event: 82.144 Thread 0x000002831dd0d8e0 flushing  nmethod 0x0000028321922a10
Event: 82.144 Thread 0x000002831dd0d8e0 flushing  nmethod 0x0000028321929910
Event: 82.144 Thread 0x000002831dd0d8e0 flushing  nmethod 0x0000028321929d10
Event: 82.144 Thread 0x000002831dd0d8e0 flushing  nmethod 0x000002832192c390

Events (20 events):
Event: 71.575 Thread 0x000002837b770370 Thread exited: 0x000002837b770370
Event: 71.582 Thread 0x00000283346aa420 Thread added: 0x000002837eeeaf10
Event: 72.108 Thread 0x000002837eeeaf10 Thread exited: 0x000002837eeeaf10
Event: 72.659 Thread 0x0000028376c2fc40 Thread added: 0x000002837b76cef0
Event: 72.659 Thread 0x0000028376c2fc40 Thread added: 0x000002837b770370
Event: 72.660 Thread 0x0000028376c2fc40 Thread added: 0x000002837b76bb40
Event: 72.660 Thread 0x0000028376c2fc40 Thread added: 0x000002837b76c860
Event: 72.660 Thread 0x0000028376c2fc40 Thread added: 0x000002837b76e2a0
Event: 72.697 Thread 0x000002837b76c860 Thread exited: 0x000002837b76c860
Event: 72.697 Thread 0x000002837b76cef0 Thread exited: 0x000002837b76cef0
Event: 72.697 Thread 0x000002837b76bb40 Thread exited: 0x000002837b76bb40
Event: 72.698 Thread 0x000002837b770370 Thread exited: 0x000002837b770370
Event: 72.698 Thread 0x000002837b76e2a0 Thread exited: 0x000002837b76e2a0
Event: 81.459 Thread 0x00000283346aa420 Thread added: 0x000002837de36d20
Event: 83.947 Thread 0x000002837de36d20 Thread exited: 0x000002837de36d20
Event: 84.510 Thread 0x000002837b76fce0 Thread added: 0x000002837b769a70
Event: 84.522 Thread 0x000002837b769a70 Thread exited: 0x000002837b769a70
Event: 84.589 Thread 0x000002837b76fce0 Thread added: 0x000002837b770370
Event: 84.602 Thread 0x000002837b770370 Thread exited: 0x000002837b770370
Event: 85.706 Thread 0x00000283346aa420 Thread added: 0x000002837dcf9590


Dynamic libraries:
0x00007ff7db520000 - 0x00007ff7db52e000 	c:\Users\HP\.vscode\extensions\redhat.java-1.47.0-win32-x64\jre\21.0.8-win32-x86_64\bin\java.exe
0x00007ff861050000 - 0x00007ff861268000 	C:\Windows\SYSTEM32\ntdll.dll
0x00007ff85f1a0000 - 0x00007ff85f264000 	C:\Windows\System32\KERNEL32.DLL
0x00007ff85e290000 - 0x00007ff85e663000 	C:\Windows\System32\KERNELBASE.dll
0x00007ff85e670000 - 0x00007ff85e781000 	C:\Windows\System32\ucrtbase.dll
0x00007ff852b90000 - 0x00007ff852ba8000 	c:\Users\HP\.vscode\extensions\redhat.java-1.47.0-win32-x64\jre\21.0.8-win32-x86_64\bin\jli.dll
0x00007ff85ecf0000 - 0x00007ff85eea2000 	C:\Windows\System32\USER32.dll
0x00007ff85ecc0000 - 0x00007ff85ece6000 	C:\Windows\System32\win32u.dll
0x00007ff860cc0000 - 0x00007ff860ce9000 	C:\Windows\System32\GDI32.dll
0x00007ff85e830000 - 0x00007ff85e94b000 	C:\Windows\System32\gdi32full.dll
0x00007ff85e790000 - 0x00007ff85e82a000 	C:\Windows\System32\msvcp_win.dll
0x00007ff838bf0000 - 0x00007ff838c0e000 	c:\Users\HP\.vscode\extensions\redhat.java-1.47.0-win32-x64\jre\21.0.8-win32-x86_64\bin\VCRUNTIME140.dll
0x00007ff84d810000 - 0x00007ff84daac000 	C:\Windows\WinSxS\amd64_microsoft.windows.common-controls_6595b64144ccf1df_6.0.22621.6060_none_2712eda17382d24b\COMCTL32.dll
0x00007ff860cf0000 - 0x00007ff860d97000 	C:\Windows\System32\msvcrt.dll
0x00007ff85fa90000 - 0x00007ff85fac1000 	C:\Windows\System32\IMM32.DLL
0x00007ff850d00000 - 0x00007ff850d0c000 	c:\Users\HP\.vscode\extensions\redhat.java-1.47.0-win32-x64\jre\21.0.8-win32-x86_64\bin\vcruntime140_1.dll
0x00007ff838970000 - 0x00007ff8389fd000 	c:\Users\HP\.vscode\extensions\redhat.java-1.47.0-win32-x64\jre\21.0.8-win32-x86_64\bin\msvcp140.dll
0x00007fff9c260000 - 0x00007fff9cff7000 	c:\Users\HP\.vscode\extensions\redhat.java-1.47.0-win32-x64\jre\21.0.8-win32-x86_64\bin\server\jvm.dll
0x00007ff860260000 - 0x00007ff860311000 	C:\Windows\System32\ADVAPI32.dll
0x00007ff85f9e0000 - 0x00007ff85fa88000 	C:\Windows\System32\sechost.dll
0x00007ff85e1e0000 - 0x00007ff85e208000 	C:\Windows\System32\bcrypt.dll
0x00007ff85f6f0000 - 0x00007ff85f808000 	C:\Windows\System32\RPCRT4.dll
0x00007ff8601e0000 - 0x00007ff860251000 	C:\Windows\System32\WS2_32.dll
0x00007ff85e030000 - 0x00007ff85e07d000 	C:\Windows\SYSTEM32\POWRPROF.dll
0x00007ff859e90000 - 0x00007ff859ec4000 	C:\Windows\SYSTEM32\WINMM.dll
0x00007ff84fa30000 - 0x00007ff84fa3a000 	C:\Windows\SYSTEM32\VERSION.dll
0x00007ff85e010000 - 0x00007ff85e023000 	C:\Windows\SYSTEM32\UMPDC.dll
0x00007ff85d140000 - 0x00007ff85d158000 	C:\Windows\SYSTEM32\kernel.appcore.dll
0x00007ff84a970000 - 0x00007ff84a97a000 	c:\Users\HP\.vscode\extensions\redhat.java-1.47.0-win32-x64\jre\21.0.8-win32-x86_64\bin\jimage.dll
0x00007ff85b600000 - 0x00007ff85b833000 	C:\Windows\SYSTEM32\DBGHELP.DLL
0x00007ff85f270000 - 0x00007ff85f601000 	C:\Windows\System32\combase.dll
0x00007ff85f0a0000 - 0x00007ff85f178000 	C:\Windows\System32\OLEAUT32.dll
0x00007ff84d7c0000 - 0x00007ff84d7f2000 	C:\Windows\SYSTEM32\dbgcore.DLL
0x00007ff85e160000 - 0x00007ff85e1db000 	C:\Windows\System32\bcryptPrimitives.dll
0x00007ff8499f0000 - 0x00007ff8499ff000 	c:\Users\HP\.vscode\extensions\redhat.java-1.47.0-win32-x64\jre\21.0.8-win32-x86_64\bin\instrument.dll
0x00007ff838bd0000 - 0x00007ff838bef000 	c:\Users\HP\.vscode\extensions\redhat.java-1.47.0-win32-x64\jre\21.0.8-win32-x86_64\bin\java.dll
0x00007ff860330000 - 0x00007ff860bcc000 	C:\Windows\System32\SHELL32.dll
0x00007ff85ea10000 - 0x00007ff85eb4f000 	C:\Windows\System32\wintypes.dll
0x00007ff85c060000 - 0x00007ff85c97a000 	C:\Windows\SYSTEM32\windows.storage.dll
0x00007ff85ef90000 - 0x00007ff85f094000 	C:\Windows\System32\SHCORE.dll
0x00007ff860bd0000 - 0x00007ff860c39000 	C:\Windows\System32\shlwapi.dll
0x00007ff85e090000 - 0x00007ff85e0b5000 	C:\Windows\SYSTEM32\profapi.dll
0x00007ff838bb0000 - 0x00007ff838bc8000 	c:\Users\HP\.vscode\extensions\redhat.java-1.47.0-win32-x64\jre\21.0.8-win32-x86_64\bin\zip.dll
0x00007ff8499c0000 - 0x00007ff8499d0000 	C:\Users\HP\.vscode\extensions\redhat.java-1.47.0-win32-x64\jre\21.0.8-win32-x86_64\bin\net.dll
0x00007ff857940000 - 0x00007ff857a6c000 	C:\Windows\SYSTEM32\WINHTTP.dll
0x00007ff85d620000 - 0x00007ff85d689000 	C:\Windows\system32\mswsock.dll
0x00007ff838a50000 - 0x00007ff838a66000 	C:\Users\HP\.vscode\extensions\redhat.java-1.47.0-win32-x64\jre\21.0.8-win32-x86_64\bin\nio.dll
0x00007ff83db60000 - 0x00007ff83db70000 	c:\Users\HP\.vscode\extensions\redhat.java-1.47.0-win32-x64\jre\21.0.8-win32-x86_64\bin\verify.dll
0x00007ff8249b0000 - 0x00007ff8249f4000 	C:\Users\HP\AppData\Roaming\Code\User\globalStorage\redhat.java\1.47.0\config_win\org.eclipse.equinox.launcher\org.eclipse.equinox.launcher.win32.win32.x86_64_1.2.1400.v20250801-0854\eclipse_11916.dll
0x00007ff860030000 - 0x00007ff8601d1000 	C:\Windows\System32\ole32.dll
0x00007ff83d380000 - 0x00007ff83d38a000 	C:\Users\HP\.vscode\extensions\redhat.java-1.47.0-win32-x64\jre\21.0.8-win32-x86_64\bin\management.dll
0x00007ff83cd30000 - 0x00007ff83cd3b000 	C:\Users\HP\.vscode\extensions\redhat.java-1.47.0-win32-x64\jre\21.0.8-win32-x86_64\bin\management_ext.dll
0x00007ff85eeb0000 - 0x00007ff85eeb8000 	C:\Windows\System32\PSAPI.DLL
0x00007ff85d880000 - 0x00007ff85d89b000 	C:\Windows\SYSTEM32\CRYPTSP.dll
0x00007ff85d0a0000 - 0x00007ff85d0d7000 	C:\Windows\system32\rsaenh.dll
0x00007ff85d710000 - 0x00007ff85d738000 	C:\Windows\SYSTEM32\USERENV.dll
0x00007ff85d870000 - 0x00007ff85d87c000 	C:\Windows\SYSTEM32\CRYPTBASE.dll
0x00007ff85cc20000 - 0x00007ff85cc4d000 	C:\Windows\SYSTEM32\IPHLPAPI.DLL
0x00007ff85f9d0000 - 0x00007ff85f9d9000 	C:\Windows\System32\NSI.dll
0x00007ff81dd60000 - 0x00007ff81dda9000 	C:\Users\HP\AppData\Local\Temp\jna-2312\jna14787046940824733130.dll
0x00007ff857830000 - 0x00007ff857849000 	C:\Windows\SYSTEM32\dhcpcsvc6.DLL
0x00007ff857810000 - 0x00007ff85782f000 	C:\Windows\SYSTEM32\dhcpcsvc.DLL
0x00007ff838ba0000 - 0x00007ff838bae000 	C:\Users\HP\.vscode\extensions\redhat.java-1.47.0-win32-x64\jre\21.0.8-win32-x86_64\bin\sunmscapi.dll
0x00007ff85eb50000 - 0x00007ff85ecb8000 	C:\Windows\System32\CRYPT32.dll
0x00007ff85da30000 - 0x00007ff85da5e000 	C:\Windows\SYSTEM32\ncrypt.dll
0x00007ff85d9f0000 - 0x00007ff85da27000 	C:\Windows\SYSTEM32\NTASN1.dll
0x00007ff85cc50000 - 0x00007ff85cd48000 	C:\Windows\SYSTEM32\DNSAPI.dll
0x0000000050710000 - 0x0000000050736000 	C:\Program Files\Bonjour\mdnsNSP.dll
0x00007ff8530f0000 - 0x00007ff8530fa000 	C:\Windows\System32\rasadhlp.dll
0x00007ff8564d0000 - 0x00007ff856554000 	C:\Windows\System32\fwpuclnt.dll
0x00007ff838880000 - 0x00007ff838889000 	C:\Users\HP\.vscode\extensions\redhat.java-1.47.0-win32-x64\jre\21.0.8-win32-x86_64\bin\extnet.dll

JVMTI agents:
c:\Users\HP\.vscode\extensions\redhat.java-1.47.0-win32-x64\lombok\lombok-1.18.39-4050.jar path:c:\Users\HP\.vscode\extensions\redhat.java-1.47.0-win32-x64\jre\21.0.8-win32-x86_64\bin\instrument.dll, loaded, initialized, instrumentlib options:none

dbghelp: loaded successfully - version: 4.0.5 - missing functions: none
symbol engine: initialized successfully - sym options: 0x614 - pdb path: .;c:\Users\HP\.vscode\extensions\redhat.java-1.47.0-win32-x64\jre\21.0.8-win32-x86_64\bin;C:\Windows\SYSTEM32;C:\Windows\WinSxS\amd64_microsoft.windows.common-controls_6595b64144ccf1df_6.0.22621.6060_none_2712eda17382d24b;c:\Users\HP\.vscode\extensions\redhat.java-1.47.0-win32-x64\jre\21.0.8-win32-x86_64\bin\server;C:\Users\HP\AppData\Roaming\Code\User\globalStorage\redhat.java\1.47.0\config_win\org.eclipse.equinox.launcher\org.eclipse.equinox.launcher.win32.win32.x86_64_1.2.1400.v20250801-0854;C:\Users\HP\AppData\Local\Temp\jna-2312;C:\Program Files\Bonjour

VM Arguments:
jvm_args: --add-modules=ALL-SYSTEM --add-opens=java.base/java.util=ALL-UNNAMED --add-opens=java.base/java.lang=ALL-UNNAMED --add-opens=java.base/sun.nio.fs=ALL-UNNAMED -Declipse.application=org.eclipse.jdt.ls.core.id1 -Dosgi.bundles.defaultStartLevel=4 -Declipse.product=org.eclipse.jdt.ls.core.product -Djava.import.generatesMetadataFilesAtProjectRoot=false -DDetectVMInstallationsJob.disabled=true -Dfile.encoding=utf8 -XX:+UseParallelGC -XX:GCTimeRatio=4 -XX:AdaptiveSizePolicyWeight=90 -Dsun.zip.disableMemoryMapping=true -Xmx2G -Xms100m -Xlog:disable -javaagent:c:\Users\HP\.vscode\extensions\redhat.java-1.47.0-win32-x64\lombok\lombok-1.18.39-4050.jar -XX:+HeapDumpOnOutOfMemoryError -XX:HeapDumpPath=c:\Users\HP\AppData\Roaming\Code\User\workspaceStorage\d7050141bcb974c86fb2dc1cd7c40d0a\redhat.java -Daether.dependencyCollector.impl=bf 
java_command: c:\Users\HP\.vscode\extensions\redhat.java-1.47.0-win32-x64\server\plugins\org.eclipse.equinox.launcher_1.7.100.v20251014-1222.jar -configuration c:\Users\HP\AppData\Roaming\Code\User\globalStorage\redhat.java\1.47.0\config_win -data c:\Users\HP\AppData\Roaming\Code\User\workspaceStorage\d7050141bcb974c86fb2dc1cd7c40d0a\redhat.java\jdt_ws --pipe=\\.\pipe\lsp-458866ed2b31f00c585328275dd74867-sock
java_class_path (initial): c:\Users\HP\.vscode\extensions\redhat.java-1.47.0-win32-x64\server\plugins\org.eclipse.equinox.launcher_1.7.100.v20251014-1222.jar
Launcher Type: SUN_STANDARD

[Global flags]
    uintx AdaptiveSizePolicyWeight                 = 90                                        {product} {command line}
     intx CICompilerCount                          = 3                                         {product} {ergonomic}
    uintx GCTimeRatio                              = 4                                         {product} {command line}
     bool HeapDumpOnOutOfMemoryError               = true                                   {manageable} {command line}
    ccstr HeapDumpPath                             = c:\Users\HP\AppData\Roaming\Code\User\workspaceStorage\d7050141bcb974c86fb2dc1cd7c40d0a\redhat.java         {manageable} {command line}
   size_t InitialHeapSize                          = 104857600                                 {product} {command line}
   size_t MaxHeapSize                              = 2147483648                                {product} {command line}
   size_t MaxNewSize                               = 715653120                                 {product} {ergonomic}
   size_t MinHeapDeltaBytes                        = 524288                                    {product} {ergonomic}
   size_t MinHeapSize                              = 104857600                                 {product} {command line}
   size_t NewSize                                  = 34603008                                  {product} {ergonomic}
    uintx NonNMethodCodeHeapSize                   = 5832780                                {pd product} {ergonomic}
    uintx NonProfiledCodeHeapSize                  = 122912730                              {pd product} {ergonomic}
   size_t OldSize                                  = 70254592                                  {product} {ergonomic}
    uintx ProfiledCodeHeapSize                     = 122912730                              {pd product} {ergonomic}
    uintx ReservedCodeCacheSize                    = 251658240                              {pd product} {ergonomic}
     bool SegmentedCodeCache                       = true                                      {product} {ergonomic}
   size_t SoftMaxHeapSize                          = 2147483648                             {manageable} {ergonomic}
     bool UseCompressedOops                        = true                           {product lp64_product} {ergonomic}
     bool UseLargePagesIndividualAllocation        = false                                  {pd product} {ergonomic}
     bool UseParallelGC                            = true                                      {product} {command line}

Logging:
Log output configuration:
 #0: stdout all=off uptime,level,tags foldmultilines=false
 #1: stderr all=off uptime,level,tags foldmultilines=false

Environment Variables:
JAVA_HOME=C:\Program Files\Java\jdk-22
PATH=C:\Program Files\Python312\Scripts\;C:\Program Files\Python312\;C:\Program Files (x86)\VMware\VMware Workstation\bin\;C:\Windows\system32;C:\Windows;C:\Windows\System32\Wbem;C:\Windows\System32\WindowsPowerShell\v1.0\;C:\Windows\System32\OpenSSH\;C:\Program Files\Git\cmd;C:\Program Files\Java\jdk-22\bin;C:\wamp64\bin\mysql\mysql8.2.0\bin;C:\Program Files\nodejs\;C:\Program Files\Docker\Docker\resources\bin;C:\Program Files\OpenSSL-Win64\bin;C:\Program Files\MongoDB\Server\7.0\bin;C:\Program Files\PuTTY\;C:\Program Files (x86)\Windows Kits\10\Windows Performance Toolkit\;C:\Users\HP\Downloads\ffmpeg-8.0-essentials_build\ffmpeg-8.0-essentials_build\bin;C:\Users\HP\AppData\Local\Microsoft\WindowsApps;C:\Users\HP\AppData\Local\Programs\Microsoft VS Code\bin;C:\Users\HP\AppData\Local\GitHubDesktop\bin;C:\Program Files\JetBrains\IntelliJ IDEA 2023.3.2\bin;;C:\Users\HP\AppData\Roaming\npm;C:\Users\HP\AppData\Roaming\Python\Python312\Scripts;
USERNAME=HP
OS=Windows_NT
PROCESSOR_IDENTIFIER=Intel64 Family 6 Model 61 Stepping 4, GenuineIntel
TMP=C:\Users\HP\AppData\Local\Temp
TEMP=C:\Users\HP\AppData\Local\Temp




Periodic native trim disabled

---------------  S Y S T E M  ---------------

OS:
 Windows 11 , 64 bit Build 22621 (10.0.22621.5415)
OS uptime: 1 days 6:09 hours

CPU: total 4 (initial active 4) (2 cores per cpu, 2 threads per core) family 6 model 61 stepping 4 microcode 0x2f, cx8, cmov, fxsr, ht, mmx, 3dnowpref, sse, sse2, sse3, ssse3, sse4.1, sse4.2, popcnt, lzcnt, tsc, tscinvbit, avx, avx2, aes, erms, clmul, bmi1, bmi2, rtm, adx, fma, vzeroupper, clflush, rdtscp, f16c
Processor Information for the first 4 processors :
  Max Mhz: 2601, Current Mhz: 2601, Mhz Limit: 2601

Memory: 4k page, system-wide physical 7971M (389M free)
TotalPageFile size 15967M (AvailPageFile size 4M)
current process WorkingSet (physical memory assigned to process): 291M, peak: 294M
current process commit charge ("private bytes"): 358M, peak: 367M

vm_info: OpenJDK 64-Bit Server VM (21.0.8+9-LTS) for windows-amd64 JRE (21.0.8+9-LTS), built on 2025-07-15T00:00:00Z by "admin" with MS VC++ 17.7 (VS2022)

END.
